=== test/cmp_ne_1.in ===
X
=== test/cmp_ne_2.in ===
X
=== test/cmp_ne_3.in ===
Y
