=== test/cmp_gt_1.in ===
Y
=== test/cmp_gt_2.in ===
X
=== test/cmp_gt_3.in ===
Y
