=== test/cmp_ge_1.in ===
Y
=== test/cmp_ge_2.in ===
X
=== test/cmp_ge_3.in ===
X
