=== test/cmp_lt_1.in ===
X
=== test/cmp_lt_2.in ===
Y
=== test/cmp_lt_3.in ===
Y
