=== test/cmp_le_1.in ===
X
=== test/cmp_le_2.in ===
Y
=== test/cmp_le_3.in ===
X
