=== test/dump_ir.in ===
jmp 1 pc=0 @16777215
mov A 106 pc=1 @1
putc A pc=1 @2
mov A 101 pc=1 @3
putc A pc=1 @4
mov A 113 pc=1 @5
putc A pc=1 @6
mov A 58 pc=1 @7
putc A pc=1 @8
mov A 32 pc=1 @9
putc A pc=1 @10
mov A 999 pc=1 @11
jeq 3 A 1000 pc=1 @12
mov A 70 pc=2 @13
putc A pc=2 @14
jmp 4 pc=2 @15
mov A 84 pc=3 @17
putc A pc=3 @18
mov A 1000 pc=4 @20
jeq 6 A 1000 pc=4 @21
mov A 70 pc=5 @22
putc A pc=5 @23
jmp 7 pc=5 @24
mov A 84 pc=6 @26
putc A pc=6 @27
mov A 1001 pc=7 @29
jeq 9 A 1000 pc=7 @30
mov A 70 pc=8 @31
putc A pc=8 @32
jmp 10 pc=8 @33
mov A 84 pc=9 @35
putc A pc=9 @36
mov A 10 pc=10 @38
putc A pc=10 @39
mov A 106 pc=10 @40
putc A pc=10 @41
mov A 110 pc=10 @42
putc A pc=10 @43
mov A 101 pc=10 @44
putc A pc=10 @45
mov A 58 pc=10 @46
putc A pc=10 @47
mov A 32 pc=10 @48
putc A pc=10 @49
mov A 999 pc=10 @50
jne 12 A 1000 pc=10 @51
mov A 70 pc=11 @52
putc A pc=11 @53
jmp 13 pc=11 @54
mov A 84 pc=12 @56
putc A pc=12 @57
mov A 1000 pc=13 @59
jne 15 A 1000 pc=13 @60
mov A 70 pc=14 @61
putc A pc=14 @62
jmp 16 pc=14 @63
mov A 84 pc=15 @65
putc A pc=15 @66
mov A 1001 pc=16 @68
jne 18 A 1000 pc=16 @69
mov A 70 pc=17 @70
putc A pc=17 @71
jmp 19 pc=17 @72
mov A 84 pc=18 @74
putc A pc=18 @75
mov A 10 pc=19 @77
putc A pc=19 @78
mov A 106 pc=19 @79
putc A pc=19 @80
mov A 108 pc=19 @81
putc A pc=19 @82
mov A 116 pc=19 @83
putc A pc=19 @84
mov A 58 pc=19 @85
putc A pc=19 @86
mov A 32 pc=19 @87
putc A pc=19 @88
mov A 999 pc=19 @89
jlt 21 A 1000 pc=19 @90
mov A 70 pc=20 @91
putc A pc=20 @92
jmp 22 pc=20 @93
mov A 84 pc=21 @95
putc A pc=21 @96
mov A 1000 pc=22 @98
jlt 24 A 1000 pc=22 @99
mov A 70 pc=23 @100
putc A pc=23 @101
jmp 25 pc=23 @102
mov A 84 pc=24 @104
putc A pc=24 @105
mov A 1001 pc=25 @107
jlt 27 A 1000 pc=25 @108
mov A 70 pc=26 @109
putc A pc=26 @110
jmp 28 pc=26 @111
mov A 84 pc=27 @113
putc A pc=27 @114
mov A 10 pc=28 @116
putc A pc=28 @117
mov A 106 pc=28 @118
putc A pc=28 @119
mov A 103 pc=28 @120
putc A pc=28 @121
mov A 116 pc=28 @122
putc A pc=28 @123
mov A 58 pc=28 @124
putc A pc=28 @125
mov A 32 pc=28 @126
putc A pc=28 @127
mov A 999 pc=28 @128
jgt 30 A 1000 pc=28 @129
mov A 70 pc=29 @130
putc A pc=29 @131
jmp 31 pc=29 @132
mov A 84 pc=30 @134
putc A pc=30 @135
mov A 1000 pc=31 @137
jgt 33 A 1000 pc=31 @138
mov A 70 pc=32 @139
putc A pc=32 @140
jmp 34 pc=32 @141
mov A 84 pc=33 @143
putc A pc=33 @144
mov A 1001 pc=34 @146
jgt 36 A 1000 pc=34 @147
mov A 70 pc=35 @148
putc A pc=35 @149
jmp 37 pc=35 @150
mov A 84 pc=36 @152
putc A pc=36 @153
mov A 10 pc=37 @155
putc A pc=37 @156
mov A 106 pc=37 @157
putc A pc=37 @158
mov A 108 pc=37 @159
putc A pc=37 @160
mov A 101 pc=37 @161
putc A pc=37 @162
mov A 58 pc=37 @163
putc A pc=37 @164
mov A 32 pc=37 @165
putc A pc=37 @166
mov A 999 pc=37 @167
jle 39 A 1000 pc=37 @168
mov A 70 pc=38 @169
putc A pc=38 @170
jmp 40 pc=38 @171
mov A 84 pc=39 @173
putc A pc=39 @174
mov A 1000 pc=40 @176
jle 42 A 1000 pc=40 @177
mov A 70 pc=41 @178
putc A pc=41 @179
jmp 43 pc=41 @180
mov A 84 pc=42 @182
putc A pc=42 @183
mov A 1001 pc=43 @185
jle 45 A 1000 pc=43 @186
mov A 70 pc=44 @187
putc A pc=44 @188
jmp 46 pc=44 @189
mov A 84 pc=45 @191
putc A pc=45 @192
mov A 10 pc=46 @194
putc A pc=46 @195
mov A 106 pc=46 @196
putc A pc=46 @197
mov A 103 pc=46 @198
putc A pc=46 @199
mov A 101 pc=46 @200
putc A pc=46 @201
mov A 58 pc=46 @202
putc A pc=46 @203
mov A 32 pc=46 @204
putc A pc=46 @205
mov A 999 pc=46 @206
jge 48 A 1000 pc=46 @207
mov A 70 pc=47 @208
putc A pc=47 @209
jmp 49 pc=47 @210
mov A 84 pc=48 @212
putc A pc=48 @213
mov A 1000 pc=49 @215
jge 51 A 1000 pc=49 @216
mov A 70 pc=50 @217
putc A pc=50 @218
jmp 52 pc=50 @219
mov A 84 pc=51 @221
putc A pc=51 @222
mov A 1001 pc=52 @224
jge 54 A 1000 pc=52 @225
mov A 70 pc=53 @226
putc A pc=53 @227
jmp 55 pc=53 @228
mov A 84 pc=54 @230
putc A pc=54 @231
mov A 10 pc=55 @233
putc A pc=55 @234
exit pc=55 @235

