=== test/eli.in ===
jeq: FTF
jne: TFT
jlt: TFF
jgt: FFT
jle: TTF
jge: FTT

