test1
1
2
3
4
5
7
test2
1
2
3
4
5
5
7
test3
2 = 2 * 1
7 = 7 * 1
9 = 3 * 3
10 = 5 * 2
11 = 1 * 11
12 = 4 * 3
20 = 5 * 4
